α101={<union> ::= (Empty<>, Graphics<>) .. *}
α14947=() -> α100
α14949=() -> {<union> ::= (Empty<>, Graphics<>) .. *}

Final:
α100=Form
α101=Form
α14947=() -> Form
α14949=() -> Form
α14950=?
α15363=Form
α15365=?
