α1=ref () -> {WEOL<> .. *}
α5=() -> {WEOL<> .. *}
α8=() -> {WEOL<> .. *}
α10={WEOL<> .. *}
α100={WEOL<> .. *}

Final:
α1=ref () -> WEOL
α5=() -> WEOL
α8=() -> WEOL
α10=WEOL
α100=WEOL
