α1=[WigiDocumentStyle<>]
α2={.(.style : [WigiDocumentStyle<>]) .. WigiElement<>}
