α0=ref {None<α5> .. *}
α7={Some<α6> .. *}
α100={None<α5> .. *}
α101={None<α5> .. *}

Final:
α0=ref Maybe<?>
α5=?
α6=?
α7=Some<?>
α100=Maybe<?>
α101=Maybe<?>
