α0=int
α1=int
α2=bool
α3=bool
α4=int
α5=double
α6=string
α7=native
α8=native
α9=flow
α10=flow
α11=void
α12=void
α13=?
α14=?
α15=??
α16=??
α17=() -> void
α18=() -> void
α19=[int]
α20=[int]
α21=ref int
α22=ref int
α23=None<?>
α24={None<?> .. *}
α25={* .. Maybe<?>}
α26={Maybe<?> .. *}
α27=(bool, int, flow, ref string, [native], (?) -> ??) -> double
α28=(bool, int, flow, ref string, [native], (?) -> ??) -> double
α29=({None<?> .. *}, (Some<??>) -> {None<?> .. *}) -> Some<??>
α30=(None<?>, ({Some<??> .. *}) -> None<?>) -> {Some<??> .. *}
α31=({Maybe<?> .. *}) -> void
α32=({* .. Maybe<?>}) -> void
α33=() -> {* .. Maybe<?>}
α34=() -> {Maybe<?> .. *}
α35=({None<?> .. *}) -> void
α36=(None<?>) -> void
α37=() -> None<?>
α38=() -> {None<?> .. *}
α39=ref None<?>
α40=ref {None<?> .. *}
α41=ref {* .. Maybe<?>}
α42=ref {Maybe<?> .. *}
α100=void
α101=void
α102=int
α103=int
α104=int
α105=int
α106=int
α107=int
α108=double
α109=bool
α110=int
α111=flow
α112=ref string
α113=[native]
α114=(?) -> ??
α115=string
α116=string
α117=native
α118=??
α119=?
α120=double
α121=bool
α122=int
α123=flow
α124=ref string
α125=[native]
α126=(?) -> ??
α127=string
α128=string
α129=native
α130=??
α131=?
α132=Some<??>
α133={None<?> .. *}
α134=(Some<??>) -> {None<?> .. *}
α135={None<?> .. *}
α136=Some<??>
α137={Some<??> .. *}
α138=None<?>
α139=({Some<??> .. *}) -> None<?>
α140=None<?>
α141={Some<??> .. *}
α142=void
α143={Maybe<?> .. *}
α144=void
α145={* .. Maybe<?>}
α146={* .. Maybe<?>}
α147={Maybe<?> .. *}
α148=void
α149={None<?> .. *}
α150=void
α151=None<?>
α152=None<?>
α153={None<?> .. *}
α154=None<?>
α155=None<?>
α156={None<?> .. *}
α157={None<?> .. *}
α158={* .. Maybe<?>}
α159={* .. Maybe<?>}
α160={Maybe<?> .. *}
α161={Maybe<?> .. *}
