α10000=.(.second : WigiValue<>, .first : string)
α10008=Pair<string, WigiValue<>>

Final:
α10000=Pair<string, WigiValue>
α10008=Pair<string, WigiValue>
