α100={* .. WigiDocumentStyle<>}
α30002=[{* .. WigiDocumentStyle<>}]
