α1={Maybe<{Maybe<α10005> .. *}> .. *}
α4=Some<{Maybe<{Maybe<α10005> .. *}> .. *}>
α10003={None<{None<α10003> .. *}> .. *}
α10005={Maybe<{Maybe<α10005> .. *}> .. *}
α10006={Maybe<{Maybe<α10005> .. *}> .. *}
