α11=[{* .. WigiDocumentStyle<>}]
α100={* .. WigiDocumentStyle<>}
