α18=[{<union> ::= (PieceFieldHide<>, PieceFieldIsSlider<>, PieceFieldIuEditor<>, PieceFieldTooltip<>) .. *}]
α20={<union> ::= (PieceFieldHide<>, PieceFieldIsSlider<>, PieceFieldIuEditor<>, PieceFieldTooltip<>) .. *}
α29={<union> ::= (PieceFieldHide<>, PieceFieldIsSlider<>, PieceFieldIuEditor<>, PieceFieldTooltip<>) .. *}
