α11=Pair<string, JsonObject<>>
α24=Pair<string, JsonObject<>>
α25=string
α29=JsonObject<>
