α0=ref {None<α1> .. *}
α3=[α102]
α100={None<α1> .. *}
α101={None<α1> .. *}
