α0=[{None<α5> .. *}]
α7={Some<α6> .. *}
α100={None<α5> .. *}

Final:
α0=[Maybe<?>]
α5=?
α6=?
α7=Some<?>
α100=Maybe<?>
