α7449=.(.third : {* .. Behaviour<α7473>})
α7458={DynamicBehaviour<Maybe<bool>> .. *}
α7474={* .. Behaviour<α7473>}
