Î±17={<union> ::= (FixedWidth<>, GeneralIndent<>, ReplaceTightWidthWithAlign<>, WigiName<>) .. WigiStyle<>}
