α25={XmlTagEvent<> .. *}
α58={XmlEvent<> .. *}
α3625=.(.tag : α52)

Final:
α25=XmlTagEvent
α52=?
α58=XmlEvent
α3625=XmlElementEnd
