α1=[WigiStoryStyle<>]
α2=<union> ::= (WigiDocument<>, WigiStory<>)
