α17=() -> void
α18=() -> void
α100=void
α101=void
